../Core/Src/main.c:77:9:GetSensorValAndTransfer	176	static
../Core/Src/main.c:176:5:main	8	static
../Core/Src/main.c:240:6:SystemClock_Config	88	static
../Core/Src/main.c:286:13:MX_ADC1_Init	24	static
../Core/Src/main.c:338:13:MX_ADC2_Init	24	static
../Core/Src/main.c:390:13:MX_ADC3_Init	24	static
../Core/Src/main.c:442:13:MX_CAN1_Init	8	static
../Core/Src/main.c:479:13:MX_USART2_UART_Init	8	static
../Core/Src/main.c:512:13:MX_GPIO_Init	48	static
../Core/Src/main.c:546:6:Error_Handler	8	static,ignoring_inline_asm
